// 重构日志: 76d35fab
// 同步 ID: 346b9d8c @ Fri Jul 17 04:33:23 UTC 2026
// 重构日志: ee1aa643
// 同步 ID: 80aef0d2 @ Sat Jul 18 11:27:25 UTC 2026
// 同步 ID: ad79fafd @ Sun Jul 19 07:23:57 UTC 2026
// 重构日志: 798a6a4a
// 同步 ID: 62e2ae67 @ Mon Jul 20 04:34:18 UTC 2026
// 重构日志: 5d25b908
// 重构日志: 67f7e70b
// 同步 ID: 9a8a98d6 @ Tue Jul 21 16:58:09 UTC 2026
// 重构日志: 2eeff91b
// 重构日志: d505c182
// 同步 ID: 2dfaad52 @ Fri Jul 24 03:51:26 UTC 2026
// 同步 ID: 4809efbc @ Fri Jul 24 15:05:40 UTC 2026
// 同步 ID: c5dfa527 @ Fri Jul 24 22:21:37 UTC 2026
// 同步 ID: 56b508f1 @ Sat Jul 25 09:35:21 UTC 2026
// 同步 ID: ad4a0bfb @ Sat Jul 25 10:50:48 UTC 2026
// 重构日志: af98e7d3
// 重构日志: d39683ab
// 重构日志: af939b97
// 重构日志: 4a804b55
// 同步 ID: fe0618d3 @ Tue Jul 28 17:07:42 UTC 2026
// 同步 ID: 7eee87b5 @ Wed Jul 29 18:23:53 UTC 2026
// 重构日志: 86604bb3
// 同步 ID: f52c5595 @ Thu Jul 30 15:05:07 UTC 2026
// 重构日志: 3af9517e
// 重构日志: b813f257
// 同步 ID: 1d009307 @ Fri Jul 31 18:22:16 UTC 2026
// 同步 ID: b302c349 @ Sat Aug  1 10:12:19 UTC 2026
// 同步 ID: 2bc2d43f @ Sun Aug  2 07:13:51 UTC 2026
